------------------------------------------------------------
Timing Analyzer Summary
------------------------------------------------------------

Type  : Slow 1200mV 85C Model Setup 'clk'
Slack : -1.788
TNS   : -18.864

Type  : Slow 1200mV 85C Model Hold 'clk'
Slack : 0.303
TNS   : 0.000

Type  : Slow 1200mV 85C Model Recovery 'clk'
Slack : -0.735
TNS   : -5.880

Type  : Slow 1200mV 85C Model Removal 'clk'
Slack : 1.253
TNS   : 0.000

Type  : Slow 1200mV 85C Model Minimum Pulse Width 'clk'
Slack : -3.000
TNS   : -122.634

Type  : Slow 1200mV 0C Model Setup 'clk'
Slack : -1.511
TNS   : -14.894

Type  : Slow 1200mV 0C Model Hold 'clk'
Slack : 0.294
TNS   : 0.000

Type  : Slow 1200mV 0C Model Recovery 'clk'
Slack : -0.565
TNS   : -4.520

Type  : Slow 1200mV 0C Model Removal 'clk'
Slack : 1.123
TNS   : 0.000

Type  : Slow 1200mV 0C Model Minimum Pulse Width 'clk'
Slack : -3.000
TNS   : -122.442

Type  : Fast 1200mV 0C Model Setup 'clk'
Slack : -0.341
TNS   : -3.321

Type  : Fast 1200mV 0C Model Hold 'clk'
Slack : 0.146
TNS   : 0.000

Type  : Fast 1200mV 0C Model Recovery 'clk'
Slack : 0.018
TNS   : 0.000

Type  : Fast 1200mV 0C Model Removal 'clk'
Slack : 0.694
TNS   : 0.000

Type  : Fast 1200mV 0C Model Minimum Pulse Width 'clk'
Slack : -3.000
TNS   : -109.588

------------------------------------------------------------
