------------------------------------------------------------
Timing Analyzer Summary
------------------------------------------------------------

Type  : Slow 1200mV 85C Model Setup 'clk'
Slack : -10.897
TNS   : -2373.996

Type  : Slow 1200mV 85C Model Hold 'clk'
Slack : 0.303
TNS   : 0.000

Type  : Slow 1200mV 85C Model Recovery 'clk'
Slack : -1.870
TNS   : -261.176

Type  : Slow 1200mV 85C Model Removal 'clk'
Slack : 1.256
TNS   : 0.000

Type  : Slow 1200mV 85C Model Minimum Pulse Width 'clk'
Slack : -3.000
TNS   : -1754.400

Type  : Slow 1200mV 0C Model Setup 'clk'
Slack : -9.545
TNS   : -2047.776

Type  : Slow 1200mV 0C Model Hold 'clk'
Slack : 0.298
TNS   : 0.000

Type  : Slow 1200mV 0C Model Recovery 'clk'
Slack : -1.552
TNS   : -215.564

Type  : Slow 1200mV 0C Model Removal 'clk'
Slack : 1.133
TNS   : 0.000

Type  : Slow 1200mV 0C Model Minimum Pulse Width 'clk'
Slack : -3.000
TNS   : -1753.354

Type  : Fast 1200mV 0C Model Setup 'clk'
Slack : -5.835
TNS   : -1032.100

Type  : Fast 1200mV 0C Model Hold 'clk'
Slack : 0.145
TNS   : 0.000

Type  : Fast 1200mV 0C Model Recovery 'clk'
Slack : -0.672
TNS   : -85.260

Type  : Fast 1200mV 0C Model Removal 'clk'
Slack : 0.696
TNS   : 0.000

Type  : Fast 1200mV 0C Model Minimum Pulse Width 'clk'
Slack : -3.000
TNS   : -1252.396

------------------------------------------------------------
