Flow report for processingElement
Mon Jun  1 15:06:03 2026
Quartus Prime Version 20.1.1 Build 720 11/11/2020 SJ Lite Edition


---------------------
; Table of Contents ;
---------------------
  1. Legal Notice
  2. Flow Summary
  3. Flow Settings
  4. Flow Non-Default Global Settings
  5. Flow Elapsed Time
  6. Flow OS Summary
  7. Flow Log
  8. Flow Messages
  9. Flow Suppressed Messages



----------------
; Legal Notice ;
----------------
Copyright (C) 2020  Intel Corporation. All rights reserved.
Your use of Intel Corporation's design tools, logic functions 
and other software and tools, and any partner logic 
functions, and any output files from any of the foregoing 
(including device programming or simulation files), and any 
associated documentation or information are expressly subject 
to the terms and conditions of the Intel Program License 
Subscription Agreement, the Intel Quartus Prime License Agreement,
the Intel FPGA IP License Agreement, or other applicable license
agreement, including, without limitation, that your use is for
the sole purpose of programming logic devices manufactured by
Intel and sold by Intel or its authorized distributors.  Please
refer to the applicable agreement for further details, at
https://fpgasoftware.intel.com/eula.



+----------------------------------------------------------------------------------+
; Flow Summary                                                                     ;
+------------------------------------+---------------------------------------------+
; Flow Status                        ; Successful - Mon Jun  1 15:06:03 2026       ;
; Quartus Prime Version              ; 20.1.1 Build 720 11/11/2020 SJ Lite Edition ;
; Revision Name                      ; processingElement                           ;
; Top-level Entity Name              ; gemmArray                                   ;
; Family                             ; Cyclone IV E                                ;
; Total logic elements               ; 6,257 / 15,408 ( 41 % )                     ;
;     Total combinational functions  ; 5,084 / 15,408 ( 33 % )                     ;
;     Dedicated logic registers      ; 2,867 / 15,408 ( 19 % )                     ;
; Total registers                    ; 2867                                        ;
; Total pins                         ; 237 / 344 ( 69 % )                          ;
; Total virtual pins                 ; 0                                           ;
; Total memory bits                  ; 12,800 / 516,096 ( 2 % )                    ;
; Embedded Multiplier 9-bit elements ; 112 / 112 ( 100 % )                         ;
; Total PLLs                         ; 0 / 4 ( 0 % )                               ;
; Device                             ; EP4CE15F23C6                                ;
; Timing Models                      ; Final                                       ;
+------------------------------------+---------------------------------------------+


+-----------------------------------------+
; Flow Settings                           ;
+-------------------+---------------------+
; Option            ; Setting             ;
+-------------------+---------------------+
; Start date & time ; 06/01/2026 15:04:48 ;
; Main task         ; Compilation         ;
; Revision Name     ; processingElement   ;
+-------------------+---------------------+


+-----------------------------------------------------------------------------------------------------------------------------------------------------+
; Flow Non-Default Global Settings                                                                                                                    ;
+--------------------------------------+----------------------------------------+-------------------+-------------+-----------------------------------+
; Assignment Name                      ; Value                                  ; Default Value     ; Entity Name ; Section Id                        ;
+--------------------------------------+----------------------------------------+-------------------+-------------+-----------------------------------+
; COMPILER_SIGNATURE_ID                ; 22494277780138.178031548834105         ; --                ; --          ; --                                ;
; EDA_DESIGN_INSTANCE_NAME             ; NA                                     ; --                ; --          ; tb_pe                             ;
; EDA_GENERATE_FUNCTIONAL_NETLIST      ; Off                                    ; --                ; --          ; eda_board_design_timing           ;
; EDA_GENERATE_FUNCTIONAL_NETLIST      ; Off                                    ; --                ; --          ; eda_board_design_boundary_scan    ;
; EDA_GENERATE_FUNCTIONAL_NETLIST      ; Off                                    ; --                ; --          ; eda_board_design_signal_integrity ;
; EDA_GENERATE_FUNCTIONAL_NETLIST      ; Off                                    ; --                ; --          ; eda_board_design_symbol           ;
; EDA_NATIVELINK_SIMULATION_TEST_BENCH ; tb_pe                                  ; --                ; --          ; eda_simulation                    ;
; EDA_OUTPUT_DATA_FORMAT               ; Systemverilog Hdl                      ; --                ; --          ; eda_simulation                    ;
; EDA_RUN_TOOL_AUTOMATICALLY           ; Off                                    ; --                ; --          ; eda_simulation                    ;
; EDA_SIMULATION_TOOL                  ; ModelSim-Altera (SystemVerilog)        ; <None>            ; --          ; --                                ;
; EDA_TEST_BENCH_ENABLE_STATUS         ; TEST_BENCH_MODE                        ; --                ; --          ; eda_simulation                    ;
; EDA_TEST_BENCH_FILE                  ; tb_pe.sv                               ; --                ; --          ; tb_pe                             ;
; EDA_TEST_BENCH_MODULE_NAME           ; tb_pe                                  ; --                ; --          ; tb_pe                             ;
; EDA_TEST_BENCH_NAME                  ; tb_pe                                  ; --                ; --          ; eda_simulation                    ;
; EDA_TIME_SCALE                       ; 1 ps                                   ; --                ; --          ; eda_simulation                    ;
; PARTITION_COLOR                      ; -- (Not supported for targeted family) ; --                ; gemmArray   ; Top                               ;
; PARTITION_FITTER_PRESERVATION_LEVEL  ; -- (Not supported for targeted family) ; --                ; gemmArray   ; Top                               ;
; PARTITION_NETLIST_TYPE               ; -- (Not supported for targeted family) ; --                ; gemmArray   ; Top                               ;
; SMART_RECOMPILE                      ; On                                     ; Off               ; --          ; --                                ;
; TOP_LEVEL_ENTITY                     ; gemmArray                              ; processingElement ; --          ; --                                ;
+--------------------------------------+----------------------------------------+-------------------+-------------+-----------------------------------+


+--------------------------------------------------------------------------------------------------------------------------+
; Flow Elapsed Time                                                                                                        ;
+----------------------+--------------+-------------------------+---------------------+------------------------------------+
; Module Name          ; Elapsed Time ; Average Processors Used ; Peak Virtual Memory ; Total CPU Time (on all processors) ;
+----------------------+--------------+-------------------------+---------------------+------------------------------------+
; Analysis & Synthesis ; 00:00:16     ; 1.0                     ; 552 MB              ; 00:00:24                           ;
; Fitter               ; 00:00:46     ; 1.1                     ; 1253 MB             ; 00:01:40                           ;
; Assembler            ; 00:00:01     ; 1.0                     ; 379 MB              ; 00:00:01                           ;
; Timing Analyzer      ; 00:00:05     ; 1.9                     ; 594 MB              ; 00:00:06                           ;
; EDA Netlist Writer   ; 00:00:01     ; 1.0                     ; 644 MB              ; 00:00:01                           ;
; Total                ; 00:01:09     ; --                      ; --                  ; 00:02:12                           ;
+----------------------+--------------+-------------------------+---------------------+------------------------------------+


+----------------------------------------------------------------------------------------------------+
; Flow OS Summary                                                                                    ;
+----------------------+------------------+--------------------+--------------------+----------------+
; Module Name          ; Machine Hostname ; OS Name            ; OS Version         ; Processor type ;
+----------------------+------------------+--------------------+--------------------+----------------+
; Analysis & Synthesis ; iusearchbtw      ; \S{PRETTY_NAME} \r ; \S{PRETTY_NAME} \r ; x86_64         ;
; Fitter               ; iusearchbtw      ; \S{PRETTY_NAME} \r ; \S{PRETTY_NAME} \r ; x86_64         ;
; Assembler            ; iusearchbtw      ; \S{PRETTY_NAME} \r ; \S{PRETTY_NAME} \r ; x86_64         ;
; Timing Analyzer      ; iusearchbtw      ; \S{PRETTY_NAME} \r ; \S{PRETTY_NAME} \r ; x86_64         ;
; EDA Netlist Writer   ; iusearchbtw      ; \S{PRETTY_NAME} \r ; \S{PRETTY_NAME} \r ; x86_64         ;
+----------------------+------------------+--------------------+--------------------+----------------+


------------
; Flow Log ;
------------
quartus_map --read_settings_files=on --write_settings_files=off processingElement -c processingElement
quartus_fit --read_settings_files=off --write_settings_files=off processingElement -c processingElement
quartus_asm --read_settings_files=off --write_settings_files=off processingElement -c processingElement
quartus_sta processingElement -c processingElement
quartus_eda --read_settings_files=off --write_settings_files=off processingElement -c processingElement



