Analysis & Synthesis report for processingElement
Mon Jun  1 12:02:00 2026
Quartus Prime Version 20.1.1 Build 720 11/11/2020 SJ Lite Edition


---------------------
; Table of Contents ;
---------------------
  1. Legal Notice
  2. Analysis & Synthesis Summary
  3. Analysis & Synthesis Settings
  4. Parallel Compilation
  5. Analysis & Synthesis Source Files Read
  6. Analysis & Synthesis Resource Usage Summary
  7. Analysis & Synthesis Resource Utilization by Entity
  8. Analysis & Synthesis RAM Summary
  9. Analysis & Synthesis DSP Block Usage Summary
 10. General Register Statistics
 11. Inverted Register Statistics
 12. Registers Packed Into Inferred Megafunctions
 13. Source assignments for regChain:r1|regX:gen_reg[1].u_reg|altshift_taps:q_out_rtl_0|shift_taps_0jm:auto_generated|altsyncram_uua1:altsyncram2
 14. Parameter Settings for User Entity Instance: Top-level Entity: |processingElement
 15. Parameter Settings for User Entity Instance: regChain:r1
 16. Parameter Settings for User Entity Instance: regChain:r1|regX:gen_reg[0].u_reg
 17. Parameter Settings for User Entity Instance: regChain:r1|regX:gen_reg[1].u_reg
 18. Parameter Settings for User Entity Instance: regChain:r1|regX:gen_reg[2].u_reg
 19. Parameter Settings for User Entity Instance: regChain:r1|regX:gen_reg[3].u_reg
 20. Parameter Settings for User Entity Instance: regChain:r1|regX:gen_reg[4].u_reg
 21. Parameter Settings for User Entity Instance: andMux:and1
 22. Parameter Settings for User Entity Instance: orMux:or1
 23. Parameter Settings for User Entity Instance: regX:r2_1
 24. Parameter Settings for User Entity Instance: regChain:r2
 25. Parameter Settings for User Entity Instance: regChain:r2|regX:gen_reg[0].u_reg
 26. Parameter Settings for User Entity Instance: regChain:r2|regX:gen_reg[1].u_reg
 27. Parameter Settings for User Entity Instance: regChain:r2|regX:gen_reg[2].u_reg
 28. Parameter Settings for User Entity Instance: andMux:and2
 29. Parameter Settings for User Entity Instance: regChain:r34
 30. Parameter Settings for User Entity Instance: regChain:r34|regX:gen_reg[0].u_reg
 31. Parameter Settings for User Entity Instance: regChain:r34|regX:gen_reg[1].u_reg
 32. Parameter Settings for User Entity Instance: regEnable:r5
 33. Parameter Settings for User Entity Instance: mult:m1
 34. Parameter Settings for User Entity Instance: regAcc:r6
 35. Parameter Settings for User Entity Instance: sumAcc:s1
 36. Parameter Settings for Inferred Entity Instance: regChain:r1|regX:gen_reg[1].u_reg|altshift_taps:q_out_rtl_0
 37. Parameter Settings for Inferred Entity Instance: mult:m1|lpm_mult:Mult0
 38. altshift_taps Parameter Settings by Entity Instance
 39. lpm_mult Parameter Settings by Entity Instance
 40. Post-Synthesis Netlist Statistics for Top Partition
 41. Elapsed Time Per Partition
 42. Analysis & Synthesis Messages
 43. Analysis & Synthesis Suppressed Messages



----------------
; Legal Notice ;
----------------
Copyright (C) 2020  Intel Corporation. All rights reserved.
Your use of Intel Corporation's design tools, logic functions 
and other software and tools, and any partner logic 
functions, and any output files from any of the foregoing 
(including device programming or simulation files), and any 
associated documentation or information are expressly subject 
to the terms and conditions of the Intel Program License 
Subscription Agreement, the Intel Quartus Prime License Agreement,
the Intel FPGA IP License Agreement, or other applicable license
agreement, including, without limitation, that your use is for
the sole purpose of programming logic devices manufactured by
Intel and sold by Intel or its authorized distributors.  Please
refer to the applicable agreement for further details, at
https://fpgasoftware.intel.com/eula.



+----------------------------------------------------------------------------------+
; Analysis & Synthesis Summary                                                     ;
+------------------------------------+---------------------------------------------+
; Analysis & Synthesis Status        ; Successful - Mon Jun  1 12:02:00 2026       ;
; Quartus Prime Version              ; 20.1.1 Build 720 11/11/2020 SJ Lite Edition ;
; Revision Name                      ; processingElement                           ;
; Top-level Entity Name              ; processingElement                           ;
; Family                             ; Cyclone IV E                                ;
; Total logic elements               ; 70                                          ;
;     Total combinational functions  ; 12                                          ;
;     Dedicated logic registers      ; 70                                          ;
; Total registers                    ; 70                                          ;
; Total pins                         ; 74                                          ;
; Total virtual pins                 ; 0                                           ;
; Total memory bits                  ; 16                                          ;
; Embedded Multiplier 9-bit elements ; 1                                           ;
; Total PLLs                         ; 0                                           ;
+------------------------------------+---------------------------------------------+


+------------------------------------------------------------------------------------------------------------+
; Analysis & Synthesis Settings                                                                              ;
+------------------------------------------------------------------+--------------------+--------------------+
; Option                                                           ; Setting            ; Default Value      ;
+------------------------------------------------------------------+--------------------+--------------------+
; Top-level entity name                                            ; processingElement  ; processingElement  ;
; Family name                                                      ; Cyclone IV E       ; Cyclone V          ;
; Verilog Show LMF Mapping Messages                                ; Off                ;                    ;
; Verilog Version                                                  ; SystemVerilog_2005 ; Verilog_2001       ;
; Use smart compilation                                            ; Off                ; Off                ;
; Enable parallel Assembler and Timing Analyzer during compilation ; On                 ; On                 ;
; Enable compact report table                                      ; Off                ; Off                ;
; Restructure Multiplexers                                         ; Auto               ; Auto               ;
; Create Debugging Nodes for IP Cores                              ; Off                ; Off                ;
; Preserve fewer node names                                        ; On                 ; On                 ;
; Intel FPGA IP Evaluation Mode                                    ; Enable             ; Enable             ;
; VHDL Version                                                     ; VHDL_1993          ; VHDL_1993          ;
; State Machine Processing                                         ; Auto               ; Auto               ;
; Safe State Machine                                               ; Off                ; Off                ;
; Extract Verilog State Machines                                   ; On                 ; On                 ;
; Extract VHDL State Machines                                      ; On                 ; On                 ;
; Ignore Verilog initial constructs                                ; Off                ; Off                ;
; Iteration limit for constant Verilog loops                       ; 5000               ; 5000               ;
; Iteration limit for non-constant Verilog loops                   ; 250                ; 250                ;
; Add Pass-Through Logic to Inferred RAMs                          ; On                 ; On                 ;
; Infer RAMs from Raw Logic                                        ; On                 ; On                 ;
; Parallel Synthesis                                               ; On                 ; On                 ;
; DSP Block Balancing                                              ; Auto               ; Auto               ;
; NOT Gate Push-Back                                               ; On                 ; On                 ;
; Power-Up Don't Care                                              ; On                 ; On                 ;
; Remove Redundant Logic Cells                                     ; Off                ; Off                ;
; Remove Duplicate Registers                                       ; On                 ; On                 ;
; Ignore CARRY Buffers                                             ; Off                ; Off                ;
; Ignore CASCADE Buffers                                           ; Off                ; Off                ;
; Ignore GLOBAL Buffers                                            ; Off                ; Off                ;
; Ignore ROW GLOBAL Buffers                                        ; Off                ; Off                ;
; Ignore LCELL Buffers                                             ; Off                ; Off                ;
; Ignore SOFT Buffers                                              ; On                 ; On                 ;
; Limit AHDL Integers to 32 Bits                                   ; Off                ; Off                ;
; Optimization Technique                                           ; Balanced           ; Balanced           ;
; Carry Chain Length                                               ; 70                 ; 70                 ;
; Auto Carry Chains                                                ; On                 ; On                 ;
; Auto Open-Drain Pins                                             ; On                 ; On                 ;
; Perform WYSIWYG Primitive Resynthesis                            ; Off                ; Off                ;
; Auto ROM Replacement                                             ; On                 ; On                 ;
; Auto RAM Replacement                                             ; On                 ; On                 ;
; Auto DSP Block Replacement                                       ; On                 ; On                 ;
; Auto Shift Register Replacement                                  ; Auto               ; Auto               ;
; Allow Shift Register Merging across Hierarchies                  ; Auto               ; Auto               ;
; Auto Clock Enable Replacement                                    ; On                 ; On                 ;
; Strict RAM Replacement                                           ; Off                ; Off                ;
; Allow Synchronous Control Signals                                ; On                 ; On                 ;
; Force Use of Synchronous Clear Signals                           ; Off                ; Off                ;
; Auto RAM Block Balancing                                         ; On                 ; On                 ;
; Auto RAM to Logic Cell Conversion                                ; Off                ; Off                ;
; Auto Resource Sharing                                            ; Off                ; Off                ;
; Allow Any RAM Size For Recognition                               ; Off                ; Off                ;
; Allow Any ROM Size For Recognition                               ; Off                ; Off                ;
; Allow Any Shift Register Size For Recognition                    ; Off                ; Off                ;
; Use LogicLock Constraints during Resource Balancing              ; On                 ; On                 ;
; Ignore translate_off and synthesis_off directives                ; Off                ; Off                ;
; Timing-Driven Synthesis                                          ; On                 ; On                 ;
; Report Parameter Settings                                        ; On                 ; On                 ;
; Report Source Assignments                                        ; On                 ; On                 ;
; Report Connectivity Checks                                       ; On                 ; On                 ;
; Ignore Maximum Fan-Out Assignments                               ; Off                ; Off                ;
; Synchronization Register Chain Length                            ; 2                  ; 2                  ;
; Power Optimization During Synthesis                              ; Normal compilation ; Normal compilation ;
; HDL message level                                                ; Level2             ; Level2             ;
; Suppress Register Optimization Related Messages                  ; Off                ; Off                ;
; Number of Removed Registers Reported in Synthesis Report         ; 5000               ; 5000               ;
; Number of Swept Nodes Reported in Synthesis Report               ; 5000               ; 5000               ;
; Number of Inverted Registers Reported in Synthesis Report        ; 100                ; 100                ;
; Clock MUX Protection                                             ; On                 ; On                 ;
; Auto Gated Clock Conversion                                      ; Off                ; Off                ;
; Block Design Naming                                              ; Auto               ; Auto               ;
; SDC constraint protection                                        ; Off                ; Off                ;
; Synthesis Effort                                                 ; Auto               ; Auto               ;
; Shift Register Replacement - Allow Asynchronous Clear Signal     ; On                 ; On                 ;
; Pre-Mapping Resynthesis Optimization                             ; Off                ; Off                ;
; Analysis & Synthesis Message Level                               ; Medium             ; Medium             ;
; Disable Register Merging Across Hierarchies                      ; Auto               ; Auto               ;
; Resource Aware Inference For Block RAM                           ; On                 ; On                 ;
+------------------------------------------------------------------+--------------------+--------------------+


+------------------------------------------+
; Parallel Compilation                     ;
+----------------------------+-------------+
; Processors                 ; Number      ;
+----------------------------+-------------+
; Number detected on machine ; 12          ;
; Maximum allowed            ; 6           ;
;                            ;             ;
; Average used               ; 1.00        ;
; Maximum used               ; 6           ;
;                            ;             ;
; Usage by Processor         ; % Time Used ;
;     Processor 1            ; 100.0%      ;
;     Processor 2            ;   0.0%      ;
;     Processors 3-6         ;   0.0%      ;
+----------------------------+-------------+


+-------------------------------------------------------------------------------------------------------------------------------------------------------------------------------------+
; Analysis & Synthesis Source Files Read                                                                                                                                              ;
+----------------------------------+-----------------+------------------------------+---------------------------------------------------------------------------------------+---------+
; File Name with User-Entered Path ; Used in Netlist ; File Type                    ; File Name with Absolute Path                                                          ; Library ;
+----------------------------------+-----------------+------------------------------+---------------------------------------------------------------------------------------+---------+
; regEnable.sv                     ; yes             ; User SystemVerilog HDL File  ; /home/mikentain/Projects/FPGA/GeMM/regEnable.sv                                       ;         ;
; dffMy.sv                         ; yes             ; User SystemVerilog HDL File  ; /home/mikentain/Projects/FPGA/GeMM/dffMy.sv                                           ;         ;
; sumAcc.sv                        ; yes             ; User SystemVerilog HDL File  ; /home/mikentain/Projects/FPGA/GeMM/sumAcc.sv                                          ;         ;
; regX.sv                          ; yes             ; User SystemVerilog HDL File  ; /home/mikentain/Projects/FPGA/GeMM/regX.sv                                            ;         ;
; regChain.sv                      ; yes             ; User SystemVerilog HDL File  ; /home/mikentain/Projects/FPGA/GeMM/regChain.sv                                        ;         ;
; regAcc.sv                        ; yes             ; User SystemVerilog HDL File  ; /home/mikentain/Projects/FPGA/GeMM/regAcc.sv                                          ;         ;
; processingElement.sv             ; yes             ; User SystemVerilog HDL File  ; /home/mikentain/Projects/FPGA/GeMM/processingElement.sv                               ;         ;
; orMux.sv                         ; yes             ; User SystemVerilog HDL File  ; /home/mikentain/Projects/FPGA/GeMM/orMux.sv                                           ;         ;
; notA.sv                          ; yes             ; User SystemVerilog HDL File  ; /home/mikentain/Projects/FPGA/GeMM/notA.sv                                            ;         ;
; mult.sv                          ; yes             ; User SystemVerilog HDL File  ; /home/mikentain/Projects/FPGA/GeMM/mult.sv                                            ;         ;
; andMux.sv                        ; yes             ; User SystemVerilog HDL File  ; /home/mikentain/Projects/FPGA/GeMM/andMux.sv                                          ;         ;
; altshift_taps.tdf                ; yes             ; Megafunction                 ; /home/mikentain/intelFPGA_lite/20.1/quartus/libraries/megafunctions/altshift_taps.tdf ;         ;
; altdpram.inc                     ; yes             ; Megafunction                 ; /home/mikentain/intelFPGA_lite/20.1/quartus/libraries/megafunctions/altdpram.inc      ;         ;
; lpm_counter.inc                  ; yes             ; Megafunction                 ; /home/mikentain/intelFPGA_lite/20.1/quartus/libraries/megafunctions/lpm_counter.inc   ;         ;
; lpm_compare.inc                  ; yes             ; Megafunction                 ; /home/mikentain/intelFPGA_lite/20.1/quartus/libraries/megafunctions/lpm_compare.inc   ;         ;
; lpm_constant.inc                 ; yes             ; Megafunction                 ; /home/mikentain/intelFPGA_lite/20.1/quartus/libraries/megafunctions/lpm_constant.inc  ;         ;
; db/shift_taps_0jm.tdf            ; yes             ; Auto-Generated Megafunction  ; /home/mikentain/Projects/FPGA/GeMM/db/shift_taps_0jm.tdf                              ;         ;
; db/altsyncram_uua1.tdf           ; yes             ; Auto-Generated Megafunction  ; /home/mikentain/Projects/FPGA/GeMM/db/altsyncram_uua1.tdf                             ;         ;
; db/cntr_4pf.tdf                  ; yes             ; Auto-Generated Megafunction  ; /home/mikentain/Projects/FPGA/GeMM/db/cntr_4pf.tdf                                    ;         ;
; db/cntr_r8h.tdf                  ; yes             ; Auto-Generated Megafunction  ; /home/mikentain/Projects/FPGA/GeMM/db/cntr_r8h.tdf                                    ;         ;
; lpm_mult.tdf                     ; yes             ; Megafunction                 ; /home/mikentain/intelFPGA_lite/20.1/quartus/libraries/megafunctions/lpm_mult.tdf      ;         ;
; aglobal201.inc                   ; yes             ; Megafunction                 ; /home/mikentain/intelFPGA_lite/20.1/quartus/libraries/megafunctions/aglobal201.inc    ;         ;
; lpm_add_sub.inc                  ; yes             ; Megafunction                 ; /home/mikentain/intelFPGA_lite/20.1/quartus/libraries/megafunctions/lpm_add_sub.inc   ;         ;
; multcore.inc                     ; yes             ; Megafunction                 ; /home/mikentain/intelFPGA_lite/20.1/quartus/libraries/megafunctions/multcore.inc      ;         ;
; bypassff.inc                     ; yes             ; Megafunction                 ; /home/mikentain/intelFPGA_lite/20.1/quartus/libraries/megafunctions/bypassff.inc      ;         ;
; altshift.inc                     ; yes             ; Megafunction                 ; /home/mikentain/intelFPGA_lite/20.1/quartus/libraries/megafunctions/altshift.inc      ;         ;
; db/mult_aat.tdf                  ; yes             ; Auto-Generated Megafunction  ; /home/mikentain/Projects/FPGA/GeMM/db/mult_aat.tdf                                    ;         ;
+----------------------------------+-----------------+------------------------------+---------------------------------------------------------------------------------------+---------+


+---------------------------------------------------------+
; Analysis & Synthesis Resource Usage Summary             ;
+---------------------------------------------+-----------+
; Resource                                    ; Usage     ;
+---------------------------------------------+-----------+
; Estimated Total logic elements              ; 70        ;
;                                             ;           ;
; Total combinational functions               ; 12        ;
; Logic element usage by number of LUT inputs ;           ;
;     -- 4 input functions                    ; 0         ;
;     -- 3 input functions                    ; 8         ;
;     -- <=2 input functions                  ; 4         ;
;                                             ;           ;
; Logic elements by mode                      ;           ;
;     -- normal mode                          ; 10        ;
;     -- arithmetic mode                      ; 2         ;
;                                             ;           ;
; Total registers                             ; 70        ;
;     -- Dedicated logic registers            ; 70        ;
;     -- I/O registers                        ; 0         ;
;                                             ;           ;
; I/O pins                                    ; 74        ;
; Total memory bits                           ; 16        ;
;                                             ;           ;
; Embedded Multiplier 9-bit elements          ; 1         ;
;                                             ;           ;
; Maximum fan-out node                        ; clk~input ;
; Maximum fan-out                             ; 78        ;
; Total fan-out                               ; 405       ;
; Average fan-out                             ; 1.69      ;
+---------------------------------------------+-----------+


+-------------------------------------------------------------------------------------------------------------------------------------------------------------------------------------------------------------------------------------------------------------------------------------------------------------------------------------------------------+
; Analysis & Synthesis Resource Utilization by Entity                                                                                                                                                                                                                                                                                                   ;
+----------------------------------------------+---------------------+---------------------------+-------------+--------------+---------+-----------+------+--------------+------------------------------------------------------------------------------------------------------------------------------------------+-------------------+--------------+
; Compilation Hierarchy Node                   ; Combinational ALUTs ; Dedicated Logic Registers ; Memory Bits ; DSP Elements ; DSP 9x9 ; DSP 18x18 ; Pins ; Virtual Pins ; Full Hierarchy Name                                                                                                                      ; Entity Name       ; Library Name ;
+----------------------------------------------+---------------------+---------------------------+-------------+--------------+---------+-----------+------+--------------+------------------------------------------------------------------------------------------------------------------------------------------+-------------------+--------------+
; |processingElement                           ; 12 (0)              ; 70 (0)                    ; 16          ; 1            ; 1       ; 0         ; 74   ; 0            ; |processingElement                                                                                                                       ; processingElement ; work         ;
;    |dffMy:d1|                                ; 0 (0)               ; 1 (1)                     ; 0           ; 0            ; 0       ; 0         ; 0    ; 0            ; |processingElement|dffMy:d1                                                                                                              ; dffMy             ; work         ;
;    |dffMy:d2|                                ; 0 (0)               ; 1 (1)                     ; 0           ; 0            ; 0       ; 0         ; 0    ; 0            ; |processingElement|dffMy:d2                                                                                                              ; dffMy             ; work         ;
;    |mult:m1|                                 ; 0 (0)               ; 0 (0)                     ; 0           ; 1            ; 1       ; 0         ; 0    ; 0            ; |processingElement|mult:m1                                                                                                               ; mult              ; work         ;
;       |lpm_mult:Mult0|                       ; 0 (0)               ; 0 (0)                     ; 0           ; 1            ; 1       ; 0         ; 0    ; 0            ; |processingElement|mult:m1|lpm_mult:Mult0                                                                                                ; lpm_mult          ; work         ;
;          |mult_aat:auto_generated|           ; 0 (0)               ; 0 (0)                     ; 0           ; 1            ; 1       ; 0         ; 0    ; 0            ; |processingElement|mult:m1|lpm_mult:Mult0|mult_aat:auto_generated                                                                        ; mult_aat          ; work         ;
;    |orMux:or1|                               ; 8 (8)               ; 0 (0)                     ; 0           ; 0            ; 0       ; 0         ; 0    ; 0            ; |processingElement|orMux:or1                                                                                                             ; orMux             ; work         ;
;    |regChain:r1|                             ; 4 (0)               ; 12 (0)                    ; 16          ; 0            ; 0       ; 0         ; 0    ; 0            ; |processingElement|regChain:r1                                                                                                           ; regChain          ; work         ;
;       |regX:gen_reg[0].u_reg|                ; 0 (0)               ; 8 (8)                     ; 0           ; 0            ; 0       ; 0         ; 0    ; 0            ; |processingElement|regChain:r1|regX:gen_reg[0].u_reg                                                                                     ; regX              ; work         ;
;       |regX:gen_reg[1].u_reg|                ; 4 (0)               ; 4 (0)                     ; 16          ; 0            ; 0       ; 0         ; 0    ; 0            ; |processingElement|regChain:r1|regX:gen_reg[1].u_reg                                                                                     ; regX              ; work         ;
;          |altshift_taps:q_out_rtl_0|         ; 4 (0)               ; 4 (0)                     ; 16          ; 0            ; 0       ; 0         ; 0    ; 0            ; |processingElement|regChain:r1|regX:gen_reg[1].u_reg|altshift_taps:q_out_rtl_0                                                           ; altshift_taps     ; work         ;
;             |shift_taps_0jm:auto_generated|  ; 4 (0)               ; 4 (1)                     ; 16          ; 0            ; 0       ; 0         ; 0    ; 0            ; |processingElement|regChain:r1|regX:gen_reg[1].u_reg|altshift_taps:q_out_rtl_0|shift_taps_0jm:auto_generated                             ; shift_taps_0jm    ; work         ;
;                |altsyncram_uua1:altsyncram2| ; 0 (0)               ; 0 (0)                     ; 16          ; 0            ; 0       ; 0         ; 0    ; 0            ; |processingElement|regChain:r1|regX:gen_reg[1].u_reg|altshift_taps:q_out_rtl_0|shift_taps_0jm:auto_generated|altsyncram_uua1:altsyncram2 ; altsyncram_uua1   ; work         ;
;                |cntr_4pf:cntr1|              ; 1 (1)               ; 1 (1)                     ; 0           ; 0            ; 0       ; 0         ; 0    ; 0            ; |processingElement|regChain:r1|regX:gen_reg[1].u_reg|altshift_taps:q_out_rtl_0|shift_taps_0jm:auto_generated|cntr_4pf:cntr1              ; cntr_4pf          ; work         ;
;                |cntr_r8h:cntr3|              ; 3 (3)               ; 2 (2)                     ; 0           ; 0            ; 0       ; 0         ; 0    ; 0            ; |processingElement|regChain:r1|regX:gen_reg[1].u_reg|altshift_taps:q_out_rtl_0|shift_taps_0jm:auto_generated|cntr_r8h:cntr3              ; cntr_r8h          ; work         ;
;    |regChain:r2|                             ; 0 (0)               ; 24 (0)                    ; 0           ; 0            ; 0       ; 0         ; 0    ; 0            ; |processingElement|regChain:r2                                                                                                           ; regChain          ; work         ;
;       |regX:gen_reg[0].u_reg|                ; 0 (0)               ; 8 (8)                     ; 0           ; 0            ; 0       ; 0         ; 0    ; 0            ; |processingElement|regChain:r2|regX:gen_reg[0].u_reg                                                                                     ; regX              ; work         ;
;       |regX:gen_reg[1].u_reg|                ; 0 (0)               ; 8 (8)                     ; 0           ; 0            ; 0       ; 0         ; 0    ; 0            ; |processingElement|regChain:r2|regX:gen_reg[1].u_reg                                                                                     ; regX              ; work         ;
;       |regX:gen_reg[2].u_reg|                ; 0 (0)               ; 8 (8)                     ; 0           ; 0            ; 0       ; 0         ; 0    ; 0            ; |processingElement|regChain:r2|regX:gen_reg[2].u_reg                                                                                     ; regX              ; work         ;
;    |regChain:r34|                            ; 0 (0)               ; 16 (0)                    ; 0           ; 0            ; 0       ; 0         ; 0    ; 0            ; |processingElement|regChain:r34                                                                                                          ; regChain          ; work         ;
;       |regX:gen_reg[0].u_reg|                ; 0 (0)               ; 8 (8)                     ; 0           ; 0            ; 0       ; 0         ; 0    ; 0            ; |processingElement|regChain:r34|regX:gen_reg[0].u_reg                                                                                    ; regX              ; work         ;
;       |regX:gen_reg[1].u_reg|                ; 0 (0)               ; 8 (8)                     ; 0           ; 0            ; 0       ; 0         ; 0    ; 0            ; |processingElement|regChain:r34|regX:gen_reg[1].u_reg                                                                                    ; regX              ; work         ;
;    |regEnable:r5|                            ; 0 (0)               ; 8 (8)                     ; 0           ; 0            ; 0       ; 0         ; 0    ; 0            ; |processingElement|regEnable:r5                                                                                                          ; regEnable         ; work         ;
;    |regX:r2_1|                               ; 0 (0)               ; 8 (8)                     ; 0           ; 0            ; 0       ; 0         ; 0    ; 0            ; |processingElement|regX:r2_1                                                                                                             ; regX              ; work         ;
+----------------------------------------------+---------------------+---------------------------+-------------+--------------+---------+-----------+------+--------------+------------------------------------------------------------------------------------------------------------------------------------------+-------------------+--------------+
Note: For table entries with two numbers listed, the numbers in parentheses indicate the number of resources of the given type used by the specific entity alone. The numbers listed outside of parentheses indicate the total resources of the given type used by the specific entity and all of its sub-entities in the hierarchy.


+--------------------------------------------------------------------------------------------------------------------------------------------------------------------------------------------------------------------------------------+
; Analysis & Synthesis RAM Summary                                                                                                                                                                                                     ;
+----------------------------------------------------------------------------------------------------------------------------------+------+------------------+--------------+--------------+--------------+--------------+------+------+
; Name                                                                                                                             ; Type ; Mode             ; Port A Depth ; Port A Width ; Port B Depth ; Port B Width ; Size ; MIF  ;
+----------------------------------------------------------------------------------------------------------------------------------+------+------------------+--------------+--------------+--------------+--------------+------+------+
; regChain:r1|regX:gen_reg[1].u_reg|altshift_taps:q_out_rtl_0|shift_taps_0jm:auto_generated|altsyncram_uua1:altsyncram2|ALTSYNCRAM ; AUTO ; Simple Dual Port ; 2            ; 8            ; 2            ; 8            ; 16   ; None ;
+----------------------------------------------------------------------------------------------------------------------------------+------+------------------+--------------+--------------+--------------+--------------+------+------+


+-----------------------------------------------------+
; Analysis & Synthesis DSP Block Usage Summary        ;
+---------------------------------------+-------------+
; Statistic                             ; Number Used ;
+---------------------------------------+-------------+
; Simple Multipliers (9-bit)            ; 1           ;
; Simple Multipliers (18-bit)           ; 0           ;
; Embedded Multiplier Blocks            ; --          ;
; Embedded Multiplier 9-bit elements    ; 1           ;
; Signed Embedded Multipliers           ; 0           ;
; Unsigned Embedded Multipliers         ; 1           ;
; Mixed Sign Embedded Multipliers       ; 0           ;
; Variable Sign Embedded Multipliers    ; 0           ;
; Dedicated Input Shift Register Chains ; 0           ;
+---------------------------------------+-------------+
Note: number of Embedded Multiplier Blocks used is only available after a successful fit.


+------------------------------------------------------+
; General Register Statistics                          ;
+----------------------------------------------+-------+
; Statistic                                    ; Value ;
+----------------------------------------------+-------+
; Total registers                              ; 70    ;
; Number of registers using Synchronous Clear  ; 0     ;
; Number of registers using Synchronous Load   ; 0     ;
; Number of registers using Asynchronous Clear ; 69    ;
; Number of registers using Asynchronous Load  ; 0     ;
; Number of registers using Clock Enable       ; 10    ;
; Number of registers using Preset             ; 0     ;
+----------------------------------------------+-------+


+-----------------------------------------------------------------------------------------------------------+
; Inverted Register Statistics                                                                              ;
+-------------------------------------------------------------------------------------------------+---------+
; Inverted Register                                                                               ; Fan out ;
+-------------------------------------------------------------------------------------------------+---------+
; regChain:r1|regX:gen_reg[1].u_reg|altshift_taps:q_out_rtl_0|shift_taps_0jm:auto_generated|dffe4 ; 8       ;
; Total number of inverted registers = 1                                                          ;         ;
+-------------------------------------------------------------------------------------------------+---------+


+------------------------------------------------------------------------------------------------------------+
; Registers Packed Into Inferred Megafunctions                                                               ;
+-----------------------------------------------+-----------------------------------------------+------------+
; Register Name                                 ; Megafunction                                  ; Type       ;
+-----------------------------------------------+-----------------------------------------------+------------+
; regChain:r1|regX:gen_reg[4].u_reg|q_out[0..7] ; regChain:r1|regX:gen_reg[1].u_reg|q_out_rtl_0 ; SHIFT_TAPS ;
; regChain:r1|regX:gen_reg[3].u_reg|q_out[0..7] ; regChain:r1|regX:gen_reg[1].u_reg|q_out_rtl_0 ; SHIFT_TAPS ;
; regChain:r1|regX:gen_reg[2].u_reg|q_out[0..7] ; regChain:r1|regX:gen_reg[1].u_reg|q_out_rtl_0 ; SHIFT_TAPS ;
; regChain:r1|regX:gen_reg[1].u_reg|q_out[0..7] ; regChain:r1|regX:gen_reg[1].u_reg|q_out_rtl_0 ; SHIFT_TAPS ;
+-----------------------------------------------+-----------------------------------------------+------------+


+----------------------------------------------------------------------------------------------------------------------------------------------+
; Source assignments for regChain:r1|regX:gen_reg[1].u_reg|altshift_taps:q_out_rtl_0|shift_taps_0jm:auto_generated|altsyncram_uua1:altsyncram2 ;
+---------------------------------+--------------------+------+--------------------------------------------------------------------------------+
; Assignment                      ; Value              ; From ; To                                                                             ;
+---------------------------------+--------------------+------+--------------------------------------------------------------------------------+
; OPTIMIZE_POWER_DURING_SYNTHESIS ; NORMAL_COMPILATION ; -    ; -                                                                              ;
+---------------------------------+--------------------+------+--------------------------------------------------------------------------------+


+-----------------------------------------------------------------------------------+
; Parameter Settings for User Entity Instance: Top-level Entity: |processingElement ;
+----------------+-------+----------------------------------------------------------+
; Parameter Name ; Value ; Type                                                     ;
+----------------+-------+----------------------------------------------------------+
; WIDTH          ; 8     ; Signed Integer                                           ;
; N              ; 4     ; Signed Integer                                           ;
; ACC_WIDTH      ; 18    ; Signed Integer                                           ;
; MODE           ; 0     ; Signed Integer                                           ;
; ID             ; 0     ; Signed Integer                                           ;
+----------------+-------+----------------------------------------------------------+
Note: In order to hide this table in the UI and the text report file, please set the "Show Parameter Settings in Synthesis Report" option in "Analysis and Synthesis Settings -> More Settings" to "Off".


+----------------------------------------------------------+
; Parameter Settings for User Entity Instance: regChain:r1 ;
+----------------+-------+---------------------------------+
; Parameter Name ; Value ; Type                            ;
+----------------+-------+---------------------------------+
; WIDTH          ; 8     ; Signed Integer                  ;
; N              ; 5     ; Signed Integer                  ;
+----------------+-------+---------------------------------+
Note: In order to hide this table in the UI and the text report file, please set the "Show Parameter Settings in Synthesis Report" option in "Analysis and Synthesis Settings -> More Settings" to "Off".


+--------------------------------------------------------------------------------+
; Parameter Settings for User Entity Instance: regChain:r1|regX:gen_reg[0].u_reg ;
+----------------+-------+-------------------------------------------------------+
; Parameter Name ; Value ; Type                                                  ;
+----------------+-------+-------------------------------------------------------+
; WIDTH          ; 8     ; Signed Integer                                        ;
+----------------+-------+-------------------------------------------------------+
Note: In order to hide this table in the UI and the text report file, please set the "Show Parameter Settings in Synthesis Report" option in "Analysis and Synthesis Settings -> More Settings" to "Off".


+--------------------------------------------------------------------------------+
; Parameter Settings for User Entity Instance: regChain:r1|regX:gen_reg[1].u_reg ;
+----------------+-------+-------------------------------------------------------+
; Parameter Name ; Value ; Type                                                  ;
+----------------+-------+-------------------------------------------------------+
; WIDTH          ; 8     ; Signed Integer                                        ;
+----------------+-------+-------------------------------------------------------+
Note: In order to hide this table in the UI and the text report file, please set the "Show Parameter Settings in Synthesis Report" option in "Analysis and Synthesis Settings -> More Settings" to "Off".


+--------------------------------------------------------------------------------+
; Parameter Settings for User Entity Instance: regChain:r1|regX:gen_reg[2].u_reg ;
+----------------+-------+-------------------------------------------------------+
; Parameter Name ; Value ; Type                                                  ;
+----------------+-------+-------------------------------------------------------+
; WIDTH          ; 8     ; Signed Integer                                        ;
+----------------+-------+-------------------------------------------------------+
Note: In order to hide this table in the UI and the text report file, please set the "Show Parameter Settings in Synthesis Report" option in "Analysis and Synthesis Settings -> More Settings" to "Off".


+--------------------------------------------------------------------------------+
; Parameter Settings for User Entity Instance: regChain:r1|regX:gen_reg[3].u_reg ;
+----------------+-------+-------------------------------------------------------+
; Parameter Name ; Value ; Type                                                  ;
+----------------+-------+-------------------------------------------------------+
; WIDTH          ; 8     ; Signed Integer                                        ;
+----------------+-------+-------------------------------------------------------+
Note: In order to hide this table in the UI and the text report file, please set the "Show Parameter Settings in Synthesis Report" option in "Analysis and Synthesis Settings -> More Settings" to "Off".


+--------------------------------------------------------------------------------+
; Parameter Settings for User Entity Instance: regChain:r1|regX:gen_reg[4].u_reg ;
+----------------+-------+-------------------------------------------------------+
; Parameter Name ; Value ; Type                                                  ;
+----------------+-------+-------------------------------------------------------+
; WIDTH          ; 8     ; Signed Integer                                        ;
+----------------+-------+-------------------------------------------------------+
Note: In order to hide this table in the UI and the text report file, please set the "Show Parameter Settings in Synthesis Report" option in "Analysis and Synthesis Settings -> More Settings" to "Off".


+----------------------------------------------------------+
; Parameter Settings for User Entity Instance: andMux:and1 ;
+----------------+-------+---------------------------------+
; Parameter Name ; Value ; Type                            ;
+----------------+-------+---------------------------------+
; WIDTH          ; 8     ; Signed Integer                  ;
+----------------+-------+---------------------------------+
Note: In order to hide this table in the UI and the text report file, please set the "Show Parameter Settings in Synthesis Report" option in "Analysis and Synthesis Settings -> More Settings" to "Off".


+--------------------------------------------------------+
; Parameter Settings for User Entity Instance: orMux:or1 ;
+----------------+-------+-------------------------------+
; Parameter Name ; Value ; Type                          ;
+----------------+-------+-------------------------------+
; WIDTH          ; 8     ; Signed Integer                ;
+----------------+-------+-------------------------------+
Note: In order to hide this table in the UI and the text report file, please set the "Show Parameter Settings in Synthesis Report" option in "Analysis and Synthesis Settings -> More Settings" to "Off".


+--------------------------------------------------------+
; Parameter Settings for User Entity Instance: regX:r2_1 ;
+----------------+-------+-------------------------------+
; Parameter Name ; Value ; Type                          ;
+----------------+-------+-------------------------------+
; WIDTH          ; 8     ; Signed Integer                ;
+----------------+-------+-------------------------------+
Note: In order to hide this table in the UI and the text report file, please set the "Show Parameter Settings in Synthesis Report" option in "Analysis and Synthesis Settings -> More Settings" to "Off".


+----------------------------------------------------------+
; Parameter Settings for User Entity Instance: regChain:r2 ;
+----------------+-------+---------------------------------+
; Parameter Name ; Value ; Type                            ;
+----------------+-------+---------------------------------+
; WIDTH          ; 8     ; Signed Integer                  ;
; N              ; 3     ; Signed Integer                  ;
+----------------+-------+---------------------------------+
Note: In order to hide this table in the UI and the text report file, please set the "Show Parameter Settings in Synthesis Report" option in "Analysis and Synthesis Settings -> More Settings" to "Off".


+--------------------------------------------------------------------------------+
; Parameter Settings for User Entity Instance: regChain:r2|regX:gen_reg[0].u_reg ;
+----------------+-------+-------------------------------------------------------+
; Parameter Name ; Value ; Type                                                  ;
+----------------+-------+-------------------------------------------------------+
; WIDTH          ; 8     ; Signed Integer                                        ;
+----------------+-------+-------------------------------------------------------+
Note: In order to hide this table in the UI and the text report file, please set the "Show Parameter Settings in Synthesis Report" option in "Analysis and Synthesis Settings -> More Settings" to "Off".


+--------------------------------------------------------------------------------+
; Parameter Settings for User Entity Instance: regChain:r2|regX:gen_reg[1].u_reg ;
+----------------+-------+-------------------------------------------------------+
; Parameter Name ; Value ; Type                                                  ;
+----------------+-------+-------------------------------------------------------+
; WIDTH          ; 8     ; Signed Integer                                        ;
+----------------+-------+-------------------------------------------------------+
Note: In order to hide this table in the UI and the text report file, please set the "Show Parameter Settings in Synthesis Report" option in "Analysis and Synthesis Settings -> More Settings" to "Off".


+--------------------------------------------------------------------------------+
; Parameter Settings for User Entity Instance: regChain:r2|regX:gen_reg[2].u_reg ;
+----------------+-------+-------------------------------------------------------+
; Parameter Name ; Value ; Type                                                  ;
+----------------+-------+-------------------------------------------------------+
; WIDTH          ; 8     ; Signed Integer                                        ;
+----------------+-------+-------------------------------------------------------+
Note: In order to hide this table in the UI and the text report file, please set the "Show Parameter Settings in Synthesis Report" option in "Analysis and Synthesis Settings -> More Settings" to "Off".


+----------------------------------------------------------+
; Parameter Settings for User Entity Instance: andMux:and2 ;
+----------------+-------+---------------------------------+
; Parameter Name ; Value ; Type                            ;
+----------------+-------+---------------------------------+
; WIDTH          ; 8     ; Signed Integer                  ;
+----------------+-------+---------------------------------+
Note: In order to hide this table in the UI and the text report file, please set the "Show Parameter Settings in Synthesis Report" option in "Analysis and Synthesis Settings -> More Settings" to "Off".


+-----------------------------------------------------------+
; Parameter Settings for User Entity Instance: regChain:r34 ;
+----------------+-------+----------------------------------+
; Parameter Name ; Value ; Type                             ;
+----------------+-------+----------------------------------+
; WIDTH          ; 8     ; Signed Integer                   ;
; N              ; 2     ; Signed Integer                   ;
+----------------+-------+----------------------------------+
Note: In order to hide this table in the UI and the text report file, please set the "Show Parameter Settings in Synthesis Report" option in "Analysis and Synthesis Settings -> More Settings" to "Off".


+---------------------------------------------------------------------------------+
; Parameter Settings for User Entity Instance: regChain:r34|regX:gen_reg[0].u_reg ;
+----------------+-------+--------------------------------------------------------+
; Parameter Name ; Value ; Type                                                   ;
+----------------+-------+--------------------------------------------------------+
; WIDTH          ; 8     ; Signed Integer                                         ;
+----------------+-------+--------------------------------------------------------+
Note: In order to hide this table in the UI and the text report file, please set the "Show Parameter Settings in Synthesis Report" option in "Analysis and Synthesis Settings -> More Settings" to "Off".


+---------------------------------------------------------------------------------+
; Parameter Settings for User Entity Instance: regChain:r34|regX:gen_reg[1].u_reg ;
+----------------+-------+--------------------------------------------------------+
; Parameter Name ; Value ; Type                                                   ;
+----------------+-------+--------------------------------------------------------+
; WIDTH          ; 8     ; Signed Integer                                         ;
+----------------+-------+--------------------------------------------------------+
Note: In order to hide this table in the UI and the text report file, please set the "Show Parameter Settings in Synthesis Report" option in "Analysis and Synthesis Settings -> More Settings" to "Off".


+-----------------------------------------------------------+
; Parameter Settings for User Entity Instance: regEnable:r5 ;
+----------------+-------+----------------------------------+
; Parameter Name ; Value ; Type                             ;
+----------------+-------+----------------------------------+
; WIDTH          ; 8     ; Signed Integer                   ;
+----------------+-------+----------------------------------+
Note: In order to hide this table in the UI and the text report file, please set the "Show Parameter Settings in Synthesis Report" option in "Analysis and Synthesis Settings -> More Settings" to "Off".


+------------------------------------------------------+
; Parameter Settings for User Entity Instance: mult:m1 ;
+----------------+-------+-----------------------------+
; Parameter Name ; Value ; Type                        ;
+----------------+-------+-----------------------------+
; WIDTH          ; 8     ; Signed Integer              ;
; MODE           ; 0     ; Signed Integer              ;
+----------------+-------+-----------------------------+
Note: In order to hide this table in the UI and the text report file, please set the "Show Parameter Settings in Synthesis Report" option in "Analysis and Synthesis Settings -> More Settings" to "Off".


+--------------------------------------------------------+
; Parameter Settings for User Entity Instance: regAcc:r6 ;
+----------------+-------+-------------------------------+
; Parameter Name ; Value ; Type                          ;
+----------------+-------+-------------------------------+
; WIDTH          ; 8     ; Signed Integer                ;
; N              ; 4     ; Signed Integer                ;
; ACC_WIDTH      ; 18    ; Signed Integer                ;
+----------------+-------+-------------------------------+
Note: In order to hide this table in the UI and the text report file, please set the "Show Parameter Settings in Synthesis Report" option in "Analysis and Synthesis Settings -> More Settings" to "Off".


+--------------------------------------------------------+
; Parameter Settings for User Entity Instance: sumAcc:s1 ;
+----------------+-------+-------------------------------+
; Parameter Name ; Value ; Type                          ;
+----------------+-------+-------------------------------+
; WIDTH          ; 8     ; Signed Integer                ;
; N              ; 4     ; Signed Integer                ;
; ACC_WIDTH      ; 18    ; Signed Integer                ;
; MODE           ; 0     ; Signed Integer                ;
+----------------+-------+-------------------------------+
Note: In order to hide this table in the UI and the text report file, please set the "Show Parameter Settings in Synthesis Report" option in "Analysis and Synthesis Settings -> More Settings" to "Off".


+--------------------------------------------------------------------------------------------------------------+
; Parameter Settings for Inferred Entity Instance: regChain:r1|regX:gen_reg[1].u_reg|altshift_taps:q_out_rtl_0 ;
+----------------+----------------+----------------------------------------------------------------------------+
; Parameter Name ; Value          ; Type                                                                       ;
+----------------+----------------+----------------------------------------------------------------------------+
; WIDTH_BYTEENA  ; 1              ; Untyped                                                                    ;
; NUMBER_OF_TAPS ; 1              ; Untyped                                                                    ;
; TAP_DISTANCE   ; 4              ; Untyped                                                                    ;
; WIDTH          ; 8              ; Untyped                                                                    ;
; POWER_UP_STATE ; CLEARED        ; Untyped                                                                    ;
; CBXI_PARAMETER ; shift_taps_0jm ; Untyped                                                                    ;
+----------------+----------------+----------------------------------------------------------------------------+
Note: In order to hide this table in the UI and the text report file, please set the "Show Parameter Settings in Synthesis Report" option in "Analysis and Synthesis Settings -> More Settings" to "Off".


+-------------------------------------------------------------------------------------+
; Parameter Settings for Inferred Entity Instance: mult:m1|lpm_mult:Mult0             ;
+------------------------------------------------+--------------+---------------------+
; Parameter Name                                 ; Value        ; Type                ;
+------------------------------------------------+--------------+---------------------+
; AUTO_CARRY_CHAINS                              ; ON           ; AUTO_CARRY          ;
; IGNORE_CARRY_BUFFERS                           ; OFF          ; IGNORE_CARRY        ;
; AUTO_CASCADE_CHAINS                            ; ON           ; AUTO_CASCADE        ;
; IGNORE_CASCADE_BUFFERS                         ; OFF          ; IGNORE_CASCADE      ;
; LPM_WIDTHA                                     ; 8            ; Untyped             ;
; LPM_WIDTHB                                     ; 8            ; Untyped             ;
; LPM_WIDTHP                                     ; 16           ; Untyped             ;
; LPM_WIDTHR                                     ; 16           ; Untyped             ;
; LPM_WIDTHS                                     ; 1            ; Untyped             ;
; LPM_REPRESENTATION                             ; UNSIGNED     ; Untyped             ;
; LPM_PIPELINE                                   ; 0            ; Untyped             ;
; LATENCY                                        ; 0            ; Untyped             ;
; INPUT_A_IS_CONSTANT                            ; NO           ; Untyped             ;
; INPUT_B_IS_CONSTANT                            ; NO           ; Untyped             ;
; USE_EAB                                        ; OFF          ; Untyped             ;
; MAXIMIZE_SPEED                                 ; 5            ; Untyped             ;
; DEVICE_FAMILY                                  ; Cyclone IV E ; Untyped             ;
; CARRY_CHAIN                                    ; MANUAL       ; Untyped             ;
; APEX20K_TECHNOLOGY_MAPPER                      ; LUT          ; TECH_MAPPER_APEX20K ;
; DEDICATED_MULTIPLIER_CIRCUITRY                 ; AUTO         ; Untyped             ;
; DEDICATED_MULTIPLIER_MIN_INPUT_WIDTH_FOR_AUTO  ; 0            ; Untyped             ;
; DEDICATED_MULTIPLIER_MIN_OUTPUT_WIDTH_FOR_AUTO ; 0            ; Untyped             ;
; CBXI_PARAMETER                                 ; mult_aat     ; Untyped             ;
; INPUT_A_FIXED_VALUE                            ; Bx           ; Untyped             ;
; INPUT_B_FIXED_VALUE                            ; Bx           ; Untyped             ;
; USE_AHDL_IMPLEMENTATION                        ; OFF          ; Untyped             ;
+------------------------------------------------+--------------+---------------------+
Note: In order to hide this table in the UI and the text report file, please set the "Show Parameter Settings in Synthesis Report" option in "Analysis and Synthesis Settings -> More Settings" to "Off".


+------------------------------------------------------------------------------------------+
; altshift_taps Parameter Settings by Entity Instance                                      ;
+----------------------------+-------------------------------------------------------------+
; Name                       ; Value                                                       ;
+----------------------------+-------------------------------------------------------------+
; Number of entity instances ; 1                                                           ;
; Entity Instance            ; regChain:r1|regX:gen_reg[1].u_reg|altshift_taps:q_out_rtl_0 ;
;     -- NUMBER_OF_TAPS      ; 1                                                           ;
;     -- TAP_DISTANCE        ; 4                                                           ;
;     -- WIDTH               ; 8                                                           ;
+----------------------------+-------------------------------------------------------------+


+----------------------------------------------------------------+
; lpm_mult Parameter Settings by Entity Instance                 ;
+---------------------------------------+------------------------+
; Name                                  ; Value                  ;
+---------------------------------------+------------------------+
; Number of entity instances            ; 1                      ;
; Entity Instance                       ; mult:m1|lpm_mult:Mult0 ;
;     -- LPM_WIDTHA                     ; 8                      ;
;     -- LPM_WIDTHB                     ; 8                      ;
;     -- LPM_WIDTHP                     ; 16                     ;
;     -- LPM_REPRESENTATION             ; UNSIGNED               ;
;     -- INPUT_A_IS_CONSTANT            ; NO                     ;
;     -- INPUT_B_IS_CONSTANT            ; NO                     ;
;     -- USE_EAB                        ; OFF                    ;
;     -- DEDICATED_MULTIPLIER_CIRCUITRY ; AUTO                   ;
;     -- INPUT_A_FIXED_VALUE            ; Bx                     ;
;     -- INPUT_B_FIXED_VALUE            ; Bx                     ;
+---------------------------------------+------------------------+


+-----------------------------------------------------+
; Post-Synthesis Netlist Statistics for Top Partition ;
+-----------------------+-----------------------------+
; Type                  ; Count                       ;
+-----------------------+-----------------------------+
; boundary_port         ; 74                          ;
; cycloneiii_ff         ; 70                          ;
;     CLR               ; 59                          ;
;     ENA CLR           ; 10                          ;
;     plain             ; 1                           ;
; cycloneiii_lcell_comb ; 13                          ;
;     arith             ; 2                           ;
;         1 data inputs ; 1                           ;
;         2 data inputs ; 1                           ;
;     normal            ; 11                          ;
;         0 data inputs ; 2                           ;
;         1 data inputs ; 1                           ;
;         3 data inputs ; 8                           ;
; cycloneiii_mac_mult   ; 1                           ;
; cycloneiii_mac_out    ; 1                           ;
; cycloneiii_ram_block  ; 8                           ;
;                       ;                             ;
; Max LUT depth         ; 1.20                        ;
; Average LUT depth     ; 0.24                        ;
+-----------------------+-----------------------------+


+-------------------------------+
; Elapsed Time Per Partition    ;
+----------------+--------------+
; Partition Name ; Elapsed Time ;
+----------------+--------------+
; Top            ; 00:00:00     ;
+----------------+--------------+


+-------------------------------+
; Analysis & Synthesis Messages ;
+-------------------------------+
Info: *******************************************************************
Info: Running Quartus Prime Analysis & Synthesis
    Info: Version 20.1.1 Build 720 11/11/2020 SJ Lite Edition
    Info: Processing started: Mon Jun  1 12:01:51 2026
Info: Command: quartus_map --read_settings_files=on --write_settings_files=off processingElement -c processingElement
Warning (18236): Number of processors has not been specified which may cause overloading on shared machines.  Set the global assignment NUM_PARALLEL_PROCESSORS in your QSF to an appropriate value for best performance.
Info (20032): Parallel compilation is enabled and will use up to 6 processors
Info (12021): Found 1 design units, including 1 entities, in source file tb_regX.sv
    Info (12023): Found entity 1: tb_regX File: /home/mikentain/Projects/FPGA/GeMM/tb_regX.sv Line: 2
Warning (12019): Can't analyze file -- file array.sv is missing
Info (12021): Found 1 design units, including 1 entities, in source file tb_pe.sv
    Info (12023): Found entity 1: tb_pe File: /home/mikentain/Projects/FPGA/GeMM/tb_pe.sv Line: 3
Info (12021): Found 1 design units, including 1 entities, in source file tb_primitives.sv
    Info (12023): Found entity 1: tb_primitives File: /home/mikentain/Projects/FPGA/GeMM/tb_primitives.sv Line: 1
Info (12021): Found 1 design units, including 1 entities, in source file regEnable.sv
    Info (12023): Found entity 1: regEnable File: /home/mikentain/Projects/FPGA/GeMM/regEnable.sv Line: 1
Info (12021): Found 1 design units, including 1 entities, in source file dffMy.sv
    Info (12023): Found entity 1: dffMy File: /home/mikentain/Projects/FPGA/GeMM/dffMy.sv Line: 1
Info (12021): Found 1 design units, including 1 entities, in source file sumAcc.sv
    Info (12023): Found entity 1: sumAcc File: /home/mikentain/Projects/FPGA/GeMM/sumAcc.sv Line: 1
Info (12021): Found 1 design units, including 1 entities, in source file regX.sv
    Info (12023): Found entity 1: regX File: /home/mikentain/Projects/FPGA/GeMM/regX.sv Line: 1
Info (12021): Found 1 design units, including 1 entities, in source file regChain.sv
    Info (12023): Found entity 1: regChain File: /home/mikentain/Projects/FPGA/GeMM/regChain.sv Line: 1
Info (12021): Found 1 design units, including 1 entities, in source file regAcc.sv
    Info (12023): Found entity 1: regAcc File: /home/mikentain/Projects/FPGA/GeMM/regAcc.sv Line: 1
Info (12021): Found 1 design units, including 1 entities, in source file processingElement.sv
    Info (12023): Found entity 1: processingElement File: /home/mikentain/Projects/FPGA/GeMM/processingElement.sv Line: 1
Info (12021): Found 1 design units, including 1 entities, in source file orMux.sv
    Info (12023): Found entity 1: orMux File: /home/mikentain/Projects/FPGA/GeMM/orMux.sv Line: 1
Info (12021): Found 1 design units, including 1 entities, in source file notA.sv
    Info (12023): Found entity 1: notA File: /home/mikentain/Projects/FPGA/GeMM/notA.sv Line: 1
Info (12021): Found 1 design units, including 1 entities, in source file mult.sv
    Info (12023): Found entity 1: mult File: /home/mikentain/Projects/FPGA/GeMM/mult.sv Line: 1
Info (12021): Found 1 design units, including 1 entities, in source file andMux.sv
    Info (12023): Found entity 1: andMux File: /home/mikentain/Projects/FPGA/GeMM/andMux.sv Line: 1
Info (12127): Elaborating entity "processingElement" for the top level hierarchy
Info (12128): Elaborating entity "regChain" for hierarchy "regChain:r1" File: /home/mikentain/Projects/FPGA/GeMM/processingElement.sv Line: 31
Info (12128): Elaborating entity "regX" for hierarchy "regChain:r1|regX:gen_reg[0].u_reg" File: /home/mikentain/Projects/FPGA/GeMM/regChain.sv Line: 25
Info (12128): Elaborating entity "andMux" for hierarchy "andMux:and1" File: /home/mikentain/Projects/FPGA/GeMM/processingElement.sv Line: 39
Info (12128): Elaborating entity "orMux" for hierarchy "orMux:or1" File: /home/mikentain/Projects/FPGA/GeMM/processingElement.sv Line: 48
Info (12128): Elaborating entity "regChain" for hierarchy "regChain:r2" File: /home/mikentain/Projects/FPGA/GeMM/processingElement.sv Line: 68
Info (12128): Elaborating entity "notA" for hierarchy "notA:n1" File: /home/mikentain/Projects/FPGA/GeMM/processingElement.sv Line: 72
Info (12128): Elaborating entity "regChain" for hierarchy "regChain:r34" File: /home/mikentain/Projects/FPGA/GeMM/processingElement.sv Line: 87
Info (12128): Elaborating entity "regEnable" for hierarchy "regEnable:r5" File: /home/mikentain/Projects/FPGA/GeMM/processingElement.sv Line: 100
Info (12128): Elaborating entity "mult" for hierarchy "mult:m1" File: /home/mikentain/Projects/FPGA/GeMM/processingElement.sv Line: 108
Info (12128): Elaborating entity "regAcc" for hierarchy "regAcc:r6" File: /home/mikentain/Projects/FPGA/GeMM/processingElement.sv Line: 116
Info (12128): Elaborating entity "sumAcc" for hierarchy "sumAcc:s1" File: /home/mikentain/Projects/FPGA/GeMM/processingElement.sv Line: 122
Warning (10858): Verilog HDL warning at sumAcc.sv(13): object in_y used but never assigned File: /home/mikentain/Projects/FPGA/GeMM/sumAcc.sv Line: 13
Warning (10030): Net "in_y" at sumAcc.sv(13) has no driver or initial value, using a default initial value '0' File: /home/mikentain/Projects/FPGA/GeMM/sumAcc.sv Line: 13
Info (12128): Elaborating entity "dffMy" for hierarchy "dffMy:d1" File: /home/mikentain/Projects/FPGA/GeMM/processingElement.sv Line: 130
Info (19000): Inferred 1 megafunctions from design logic
    Info (276034): Inferred altshift_taps megafunction from the following design logic: "regChain:r1|regX:gen_reg[1].u_reg|q_out_rtl_0"
        Info (286033): Parameter NUMBER_OF_TAPS set to 1
        Info (286033): Parameter TAP_DISTANCE set to 4
        Info (286033): Parameter WIDTH set to 8
Info (278001): Inferred 1 megafunctions from design logic
    Info (278003): Inferred multiplier megafunction ("lpm_mult") from the following logic: "mult:m1|Mult0" File: /home/mikentain/Projects/FPGA/GeMM/mult.sv Line: 14
Info (12130): Elaborated megafunction instantiation "regChain:r1|regX:gen_reg[1].u_reg|altshift_taps:q_out_rtl_0"
Info (12133): Instantiated megafunction "regChain:r1|regX:gen_reg[1].u_reg|altshift_taps:q_out_rtl_0" with the following parameter:
    Info (12134): Parameter "NUMBER_OF_TAPS" = "1"
    Info (12134): Parameter "TAP_DISTANCE" = "4"
    Info (12134): Parameter "WIDTH" = "8"
Info (12021): Found 1 design units, including 1 entities, in source file db/shift_taps_0jm.tdf
    Info (12023): Found entity 1: shift_taps_0jm File: /home/mikentain/Projects/FPGA/GeMM/db/shift_taps_0jm.tdf Line: 29
Info (12021): Found 1 design units, including 1 entities, in source file db/altsyncram_uua1.tdf
    Info (12023): Found entity 1: altsyncram_uua1 File: /home/mikentain/Projects/FPGA/GeMM/db/altsyncram_uua1.tdf Line: 28
Info (12021): Found 1 design units, including 1 entities, in source file db/cntr_4pf.tdf
    Info (12023): Found entity 1: cntr_4pf File: /home/mikentain/Projects/FPGA/GeMM/db/cntr_4pf.tdf Line: 26
Info (12021): Found 1 design units, including 1 entities, in source file db/cntr_r8h.tdf
    Info (12023): Found entity 1: cntr_r8h File: /home/mikentain/Projects/FPGA/GeMM/db/cntr_r8h.tdf Line: 26
Info (12130): Elaborated megafunction instantiation "mult:m1|lpm_mult:Mult0" File: /home/mikentain/Projects/FPGA/GeMM/mult.sv Line: 14
Info (12133): Instantiated megafunction "mult:m1|lpm_mult:Mult0" with the following parameter: File: /home/mikentain/Projects/FPGA/GeMM/mult.sv Line: 14
    Info (12134): Parameter "LPM_WIDTHA" = "8"
    Info (12134): Parameter "LPM_WIDTHB" = "8"
    Info (12134): Parameter "LPM_WIDTHP" = "16"
    Info (12134): Parameter "LPM_WIDTHR" = "16"
    Info (12134): Parameter "LPM_WIDTHS" = "1"
    Info (12134): Parameter "LPM_REPRESENTATION" = "UNSIGNED"
    Info (12134): Parameter "INPUT_A_IS_CONSTANT" = "NO"
    Info (12134): Parameter "INPUT_B_IS_CONSTANT" = "NO"
    Info (12134): Parameter "MAXIMIZE_SPEED" = "5"
Info (12021): Found 1 design units, including 1 entities, in source file db/mult_aat.tdf
    Info (12023): Found entity 1: mult_aat File: /home/mikentain/Projects/FPGA/GeMM/db/mult_aat.tdf Line: 29
Info (13000): Registers with preset signals will power-up high File: /home/mikentain/Projects/FPGA/GeMM/db/shift_taps_0jm.tdf Line: 39
Info (13003): DEV_CLRn pin will set, and not reset, register with preset signal due to NOT Gate Push-Back
Warning (13024): Output pins are stuck at VCC or GND
    Warning (13410): Pin "c_j1[16]" is stuck at GND File: /home/mikentain/Projects/FPGA/GeMM/processingElement.sv Line: 21
    Warning (13410): Pin "c_j1[17]" is stuck at GND File: /home/mikentain/Projects/FPGA/GeMM/processingElement.sv Line: 21
Info (286030): Timing-Driven Synthesis is running
Info (144001): Generated suppressed messages file /home/mikentain/Projects/FPGA/GeMM/output_files/processingElement.map.smsg
Info (16010): Generating hard_block partition "hard_block:auto_generated_inst"
    Info (16011): Adding 0 node(s), including 0 DDIO, 0 PLL, 0 transceiver and 0 LCELL
Warning (21074): Design contains 18 input pin(s) that do not drive logic
    Warning (15610): No output dependent on input pin "c[0]" File: /home/mikentain/Projects/FPGA/GeMM/processingElement.sv Line: 14
    Warning (15610): No output dependent on input pin "c[1]" File: /home/mikentain/Projects/FPGA/GeMM/processingElement.sv Line: 14
    Warning (15610): No output dependent on input pin "c[2]" File: /home/mikentain/Projects/FPGA/GeMM/processingElement.sv Line: 14
    Warning (15610): No output dependent on input pin "c[3]" File: /home/mikentain/Projects/FPGA/GeMM/processingElement.sv Line: 14
    Warning (15610): No output dependent on input pin "c[4]" File: /home/mikentain/Projects/FPGA/GeMM/processingElement.sv Line: 14
    Warning (15610): No output dependent on input pin "c[5]" File: /home/mikentain/Projects/FPGA/GeMM/processingElement.sv Line: 14
    Warning (15610): No output dependent on input pin "c[6]" File: /home/mikentain/Projects/FPGA/GeMM/processingElement.sv Line: 14
    Warning (15610): No output dependent on input pin "c[7]" File: /home/mikentain/Projects/FPGA/GeMM/processingElement.sv Line: 14
    Warning (15610): No output dependent on input pin "c[8]" File: /home/mikentain/Projects/FPGA/GeMM/processingElement.sv Line: 14
    Warning (15610): No output dependent on input pin "c[9]" File: /home/mikentain/Projects/FPGA/GeMM/processingElement.sv Line: 14
    Warning (15610): No output dependent on input pin "c[10]" File: /home/mikentain/Projects/FPGA/GeMM/processingElement.sv Line: 14
    Warning (15610): No output dependent on input pin "c[11]" File: /home/mikentain/Projects/FPGA/GeMM/processingElement.sv Line: 14
    Warning (15610): No output dependent on input pin "c[12]" File: /home/mikentain/Projects/FPGA/GeMM/processingElement.sv Line: 14
    Warning (15610): No output dependent on input pin "c[13]" File: /home/mikentain/Projects/FPGA/GeMM/processingElement.sv Line: 14
    Warning (15610): No output dependent on input pin "c[14]" File: /home/mikentain/Projects/FPGA/GeMM/processingElement.sv Line: 14
    Warning (15610): No output dependent on input pin "c[15]" File: /home/mikentain/Projects/FPGA/GeMM/processingElement.sv Line: 14
    Warning (15610): No output dependent on input pin "c[16]" File: /home/mikentain/Projects/FPGA/GeMM/processingElement.sv Line: 14
    Warning (15610): No output dependent on input pin "c[17]" File: /home/mikentain/Projects/FPGA/GeMM/processingElement.sv Line: 14
Info (21057): Implemented 154 device resources after synthesis - the final resource count might be different
    Info (21058): Implemented 38 input pins
    Info (21059): Implemented 36 output pins
    Info (21061): Implemented 71 logic cells
    Info (21064): Implemented 8 RAM segments
    Info (21062): Implemented 1 DSP elements
Info: Quartus Prime Analysis & Synthesis was successful. 0 errors, 26 warnings
    Info: Peak virtual memory: 454 megabytes
    Info: Processing ended: Mon Jun  1 12:02:00 2026
    Info: Elapsed time: 00:00:09
    Info: Total CPU time (on all processors): 00:00:22


+------------------------------------------+
; Analysis & Synthesis Suppressed Messages ;
+------------------------------------------+
The suppressed messages can be found in /home/mikentain/Projects/FPGA/GeMM/output_files/processingElement.map.smsg.


