------------------------------------------------------------
Timing Analyzer Summary
------------------------------------------------------------

Type  : Slow 1200mV 85C Model Setup 'clk'
Slack : -1.788
TNS   : -18.762

Type  : Slow 1200mV 85C Model Hold 'clk'
Slack : 0.292
TNS   : 0.000

Type  : Slow 1200mV 85C Model Recovery 'clk'
Slack : -0.727
TNS   : -5.816

Type  : Slow 1200mV 85C Model Removal 'clk'
Slack : 1.252
TNS   : 0.000

Type  : Slow 1200mV 85C Model Minimum Pulse Width 'clk'
Slack : -3.000
TNS   : -104.626

Type  : Slow 1200mV 0C Model Setup 'clk'
Slack : -1.511
TNS   : -14.919

Type  : Slow 1200mV 0C Model Hold 'clk'
Slack : 0.292
TNS   : 0.000

Type  : Slow 1200mV 0C Model Recovery 'clk'
Slack : -0.567
TNS   : -4.536

Type  : Slow 1200mV 0C Model Removal 'clk'
Slack : 1.127
TNS   : 0.000

Type  : Slow 1200mV 0C Model Minimum Pulse Width 'clk'
Slack : -3.000
TNS   : -104.442

Type  : Fast 1200mV 0C Model Setup 'clk'
Slack : -0.341
TNS   : -3.326

Type  : Fast 1200mV 0C Model Hold 'clk'
Slack : 0.132
TNS   : 0.000

Type  : Fast 1200mV 0C Model Recovery 'clk'
Slack : 0.023
TNS   : 0.000

Type  : Fast 1200mV 0C Model Removal 'clk'
Slack : 0.684
TNS   : 0.000

Type  : Fast 1200mV 0C Model Minimum Pulse Width 'clk'
Slack : -3.000
TNS   : -90.236

------------------------------------------------------------
